2026-05-28 15:27:16,067 - __main__ - INFO - Initialized verification checker: BasicChecker
2026-05-28 15:27:16,068 - __main__ - DEBUG - BasicChecker: Match at address 0x1000: 0x1234
2026-05-28 15:27:16,070 - __main__ - ERROR - BasicChecker: Mismatch at address 0x2000: expected 0x5678, got 0x9ABC
2026-05-28 15:27:16,071 - __main__ - ERROR - Caught chained exception: Verification failed
2026-05-28 15:27:16,073 - __main__ - ERROR - Original exception: Original error
2026-05-28 15:27:16,074 - __main__ - INFO - Initialized verification checker: RetryChecker
2026-05-28 15:27:16,075 - __main__ - WARNING - RetryChecker: Attempt 1 failed: Timeout in flaky_operation after 100ns
2026-05-28 15:27:16,076 - __main__ - WARNING - RetryChecker: Attempt 2 failed: Timeout in flaky_operation after 100ns
2026-05-28 15:27:16,079 - __main__ - INFO - RetryChecker: Operation succeeded on attempt 3
2026-05-28 15:27:16,080 - __main__ - DEBUG - This is a DEBUG message (detailed information)
2026-05-28 15:27:16,081 - __main__ - INFO - This is an INFO message (general information)
2026-05-28 15:27:16,082 - __main__ - WARNING - This is a WARNING message (potential issues)
2026-05-28 15:27:16,083 - __main__ - ERROR - This is an ERROR message (errors occurred)
2026-05-28 15:27:16,084 - __main__ - CRITICAL - This is a CRITICAL message (serious errors)
2026-05-28 15:28:24,401 - __main__ - INFO - Initialized verification checker: BasicChecker
2026-05-28 15:28:24,404 - __main__ - DEBUG - BasicChecker: Match at address 0x1000: 0x1234
2026-05-28 15:28:24,413 - __main__ - ERROR - BasicChecker: Mismatch at address 0x2000: expected 0x5678, got 0x9ABC
2026-05-28 15:28:24,416 - __main__ - ERROR - Caught chained exception: Verification failed
2026-05-28 15:28:24,417 - __main__ - ERROR - Original exception: Original error
2026-05-28 15:28:24,421 - __main__ - INFO - Initialized verification checker: RetryChecker
2026-05-28 15:28:24,425 - __main__ - WARNING - RetryChecker: Attempt 1 failed: Timeout in flaky_operation after 100ns
2026-05-28 15:28:24,429 - __main__ - WARNING - RetryChecker: Attempt 2 failed: Timeout in flaky_operation after 100ns
2026-05-28 15:28:24,432 - __main__ - INFO - RetryChecker: Operation succeeded on attempt 3
2026-05-28 15:28:24,436 - __main__ - DEBUG - This is a DEBUG message (detailed information)
2026-05-28 15:28:24,439 - __main__ - INFO - This is an INFO message (general information)
2026-05-28 15:28:24,440 - __main__ - WARNING - This is a WARNING message (potential issues)
2026-05-28 15:28:24,442 - __main__ - ERROR - This is an ERROR message (errors occurred)
2026-05-28 15:28:24,446 - __main__ - CRITICAL - This is a CRITICAL message (serious errors)
2026-05-28 15:28:57,819 - __main__ - INFO - Initialized verification checker: BasicChecker
2026-05-28 15:28:57,822 - __main__ - DEBUG - BasicChecker: Match at address 0x1000: 0x1234
2026-05-28 15:28:57,826 - __main__ - ERROR - BasicChecker: Mismatch at address 0x2000: expected 0x5678, got 0x9ABC
2026-05-28 15:28:57,827 - __main__ - ERROR - Caught chained exception: Verification failed
2026-05-28 15:28:57,829 - __main__ - ERROR - Original exception: Original error
2026-05-28 15:28:57,829 - __main__ - INFO - Initialized verification checker: RetryChecker
2026-05-28 15:28:57,833 - __main__ - WARNING - RetryChecker: Attempt 1 failed: Timeout in flaky_operation after 100ns
2026-05-28 15:28:57,833 - __main__ - WARNING - RetryChecker: Attempt 2 failed: Timeout in flaky_operation after 100ns
2026-05-28 15:28:57,835 - __main__ - INFO - RetryChecker: Operation succeeded on attempt 3
2026-05-28 15:28:57,839 - __main__ - DEBUG - This is a DEBUG message (detailed information)
2026-05-28 15:28:57,840 - __main__ - INFO - This is an INFO message (general information)
2026-05-28 15:28:57,841 - __main__ - WARNING - This is a WARNING message (potential issues)
2026-05-28 15:28:57,842 - __main__ - ERROR - This is an ERROR message (errors occurred)
2026-05-28 15:28:57,842 - __main__ - CRITICAL - This is a CRITICAL message (serious errors)
2026-05-28 15:29:29,143 - __main__ - INFO - Initialized verification checker: BasicChecker
2026-05-28 15:29:29,144 - __main__ - DEBUG - BasicChecker: Match at address 0x1000: 0x1234
2026-05-28 15:29:29,145 - __main__ - ERROR - BasicChecker: Mismatch at address 0x2000: expected 0x5678, got 0x9ABC
2026-05-28 15:29:29,146 - __main__ - ERROR - Caught chained exception: Verification failed
2026-05-28 15:29:29,146 - __main__ - ERROR - Original exception: Original error
2026-05-28 15:29:29,147 - __main__ - INFO - Initialized verification checker: RetryChecker
2026-05-28 15:29:29,147 - __main__ - WARNING - RetryChecker: Attempt 1 failed: Timeout in flaky_operation after 100ns
2026-05-28 15:29:29,150 - __main__ - WARNING - RetryChecker: Attempt 2 failed: Timeout in flaky_operation after 100ns
2026-05-28 15:29:29,151 - __main__ - INFO - RetryChecker: Operation succeeded on attempt 3
2026-05-28 15:29:29,154 - __main__ - DEBUG - This is a DEBUG message (detailed information)
2026-05-28 15:29:29,156 - __main__ - INFO - This is an INFO message (general information)
2026-05-28 15:29:29,159 - __main__ - WARNING - This is a WARNING message (potential issues)
2026-05-28 15:29:29,160 - __main__ - ERROR - This is an ERROR message (errors occurred)
2026-05-28 15:29:29,160 - __main__ - CRITICAL - This is a CRITICAL message (serious errors)
2026-05-28 15:36:10,028 - __main__ - INFO - Initialized verification checker: BasicChecker
2026-05-28 15:36:10,030 - __main__ - DEBUG - BasicChecker: Match at address 0x1000: 0x1234
2026-05-28 15:36:10,031 - __main__ - ERROR - BasicChecker: Mismatch at address 0x2000: expected 0x5678, got 0x9ABC
2026-05-28 15:36:10,032 - __main__ - ERROR - Caught chained exception: Verification failed
2026-05-28 15:36:10,032 - __main__ - ERROR - Original exception: Original error
2026-05-28 15:36:10,033 - __main__ - INFO - Initialized verification checker: RetryChecker
2026-05-28 15:36:10,034 - __main__ - WARNING - RetryChecker: Attempt 1 failed: Timeout in flaky_operation after 100ns
2026-05-28 15:36:10,035 - __main__ - WARNING - RetryChecker: Attempt 2 failed: Timeout in flaky_operation after 100ns
2026-05-28 15:36:10,036 - __main__ - INFO - RetryChecker: Operation succeeded on attempt 3
2026-05-28 15:36:10,037 - __main__ - DEBUG - This is a DEBUG message (detailed information)
2026-05-28 15:36:10,038 - __main__ - INFO - This is an INFO message (general information)
2026-05-28 15:36:10,039 - __main__ - WARNING - This is a WARNING message (potential issues)
2026-05-28 15:36:10,039 - __main__ - ERROR - This is an ERROR message (errors occurred)
2026-05-28 15:36:10,040 - __main__ - CRITICAL - This is a CRITICAL message (serious errors)
2026-05-28 17:05:36,532 - __main__ - INFO - Initialized verification checker: BasicChecker
2026-05-28 17:05:36,535 - __main__ - DEBUG - BasicChecker: Match at address 0x1000: 0x1234
2026-05-28 17:05:36,536 - __main__ - ERROR - BasicChecker: Mismatch at address 0x2000: expected 0x5678, got 0x9ABC
2026-05-28 17:05:36,537 - __main__ - ERROR - Caught chained exception: Verification failed
2026-05-28 17:05:36,538 - __main__ - ERROR - Original exception: Original error
2026-05-28 17:05:36,539 - __main__ - INFO - Initialized verification checker: RetryChecker
2026-05-28 17:05:36,539 - __main__ - WARNING - RetryChecker: Attempt 1 failed: Timeout in flaky_operation after 100ns
2026-05-28 17:05:36,543 - __main__ - WARNING - RetryChecker: Attempt 2 failed: Timeout in flaky_operation after 100ns
2026-05-28 17:05:36,544 - __main__ - INFO - RetryChecker: Operation succeeded on attempt 3
2026-05-28 17:05:36,545 - __main__ - DEBUG - This is a DEBUG message (detailed information)
2026-05-28 17:05:36,547 - __main__ - INFO - This is an INFO message (general information)
2026-05-28 17:05:36,550 - __main__ - WARNING - This is a WARNING message (potential issues)
2026-05-28 17:05:36,550 - __main__ - ERROR - This is an ERROR message (errors occurred)
2026-05-28 17:05:36,551 - __main__ - CRITICAL - This is a CRITICAL message (serious errors)
2026-05-28 17:36:28,777 - __main__ - INFO - Initialized verification checker: BasicChecker
2026-05-28 17:36:28,778 - __main__ - DEBUG - BasicChecker: Match at address 0x1000: 0x1234
2026-05-28 17:36:28,779 - __main__ - ERROR - BasicChecker: Mismatch at address 0x2000: expected 0x5678, got 0x9ABC
2026-05-28 17:36:28,780 - __main__ - ERROR - Caught chained exception: Verification failed
2026-05-28 17:36:28,781 - __main__ - ERROR - Original exception: Original error
2026-05-28 17:36:28,781 - __main__ - INFO - Initialized verification checker: RetryChecker
2026-05-28 17:36:28,781 - __main__ - WARNING - RetryChecker: Attempt 1 failed: Timeout in flaky_operation after 100ns
2026-05-28 17:36:28,782 - __main__ - WARNING - RetryChecker: Attempt 2 failed: Timeout in flaky_operation after 100ns
2026-05-28 17:36:28,783 - __main__ - INFO - RetryChecker: Operation succeeded on attempt 3
2026-05-28 17:36:28,784 - __main__ - DEBUG - This is a DEBUG message (detailed information)
2026-05-28 17:36:28,784 - __main__ - INFO - This is an INFO message (general information)
2026-05-28 17:36:28,785 - __main__ - WARNING - This is a WARNING message (potential issues)
2026-05-28 17:36:28,787 - __main__ - ERROR - This is an ERROR message (errors occurred)
2026-05-28 17:36:28,788 - __main__ - CRITICAL - This is a CRITICAL message (serious errors)
2026-05-28 18:18:19,112 - __main__ - INFO - Initialized verification checker: BasicChecker
2026-05-28 18:18:19,113 - __main__ - DEBUG - BasicChecker: Match at address 0x1000: 0x1234
2026-05-28 18:18:19,114 - __main__ - ERROR - BasicChecker: Mismatch at address 0x2000: expected 0x5678, got 0x9ABC
2026-05-28 18:18:19,114 - __main__ - ERROR - Caught chained exception: Verification failed
2026-05-28 18:18:19,115 - __main__ - ERROR - Original exception: Original error
2026-05-28 18:18:19,115 - __main__ - INFO - Initialized verification checker: RetryChecker
2026-05-28 18:18:19,116 - __main__ - WARNING - RetryChecker: Attempt 1 failed: Timeout in flaky_operation after 100ns
2026-05-28 18:18:19,116 - __main__ - WARNING - RetryChecker: Attempt 2 failed: Timeout in flaky_operation after 100ns
2026-05-28 18:18:19,117 - __main__ - INFO - RetryChecker: Operation succeeded on attempt 3
2026-05-28 18:18:19,118 - __main__ - DEBUG - This is a DEBUG message (detailed information)
2026-05-28 18:18:19,118 - __main__ - INFO - This is an INFO message (general information)
2026-05-28 18:18:19,119 - __main__ - WARNING - This is a WARNING message (potential issues)
2026-05-28 18:18:19,120 - __main__ - ERROR - This is an ERROR message (errors occurred)
2026-05-28 18:18:19,121 - __main__ - CRITICAL - This is a CRITICAL message (serious errors)
2026-05-28 20:37:08,886 - __main__ - INFO - Initialized verification checker: BasicChecker
2026-05-28 20:37:08,888 - __main__ - DEBUG - BasicChecker: Match at address 0x1000: 0x1234
2026-05-28 20:37:08,889 - __main__ - ERROR - BasicChecker: Mismatch at address 0x2000: expected 0x5678, got 0x9ABC
2026-05-28 20:37:08,889 - __main__ - ERROR - Caught chained exception: Verification failed
2026-05-28 20:37:08,890 - __main__ - ERROR - Original exception: Original error
2026-05-28 20:37:08,891 - __main__ - INFO - Initialized verification checker: RetryChecker
2026-05-28 20:37:08,891 - __main__ - WARNING - RetryChecker: Attempt 1 failed: Timeout in flaky_operation after 100ns
2026-05-28 20:37:08,892 - __main__ - WARNING - RetryChecker: Attempt 2 failed: Timeout in flaky_operation after 100ns
2026-05-28 20:37:08,892 - __main__ - INFO - RetryChecker: Operation succeeded on attempt 3
2026-05-28 20:37:08,893 - __main__ - DEBUG - This is a DEBUG message (detailed information)
2026-05-28 20:37:08,894 - __main__ - INFO - This is an INFO message (general information)
2026-05-28 20:37:08,894 - __main__ - WARNING - This is a WARNING message (potential issues)
2026-05-28 20:37:08,895 - __main__ - ERROR - This is an ERROR message (errors occurred)
2026-05-28 20:37:08,896 - __main__ - CRITICAL - This is a CRITICAL message (serious errors)
2026-05-30 20:19:40,481 - __main__ - INFO - Initialized verification checker: BasicChecker
2026-05-30 20:19:40,482 - __main__ - DEBUG - BasicChecker: Match at address 0x1000: 0x1234
2026-05-30 20:19:40,483 - __main__ - ERROR - BasicChecker: Mismatch at address 0x2000: expected 0x5678, got 0x9ABC
2026-05-30 20:19:40,483 - __main__ - ERROR - Caught chained exception: Verification failed
2026-05-30 20:19:40,484 - __main__ - ERROR - Original exception: Original error
2026-05-30 20:19:40,484 - __main__ - INFO - Initialized verification checker: RetryChecker
2026-05-30 20:19:40,485 - __main__ - WARNING - RetryChecker: Attempt 1 failed: Timeout in flaky_operation after 100ns
2026-05-30 20:19:40,486 - __main__ - WARNING - RetryChecker: Attempt 2 failed: Timeout in flaky_operation after 100ns
2026-05-30 20:19:40,486 - __main__ - INFO - RetryChecker: Operation succeeded on attempt 3
2026-05-30 20:19:40,487 - __main__ - DEBUG - This is a DEBUG message (detailed information)
2026-05-30 20:19:40,487 - __main__ - INFO - This is an INFO message (general information)
2026-05-30 20:19:40,488 - __main__ - WARNING - This is a WARNING message (potential issues)
2026-05-30 20:19:40,489 - __main__ - ERROR - This is an ERROR message (errors occurred)
2026-05-30 20:19:40,489 - __main__ - CRITICAL - This is a CRITICAL message (serious errors)
